style,mag,u_star,mode,mu,sd_mode,sd_u,sd_tot,lambda
normal,7,0.5,0.634884745,0.256021724,0.612899235,0.63414049,0.881918156,0.119202946
normal,6.5,0.71,-0.683676057,-1.674494259,0.810662089,0.63414049,1.029226498,0.119202946
normal,7.9,0.44,1.544613304,1.299478203,0.414182068,0.63414049,0.757417287,0.119202946
reverse,7,0.5,0.452293647,0.240819546,0.517973094,0.66394431,0.842091546,0.117784836
reverse,6.5,0.71,-0.097797477,-0.564293977,0.517973094,0.732602207,0.897219103,0.117784836
reverse,7.9,0.44,1.333474031,1.180603867,0.517973094,0.650362844,0.831425255,0.117784836
strike-slip,7,0.5,0.596689698,0.579762735,0.538344289,0.561365493,0.777782611,0.161344848
strike-slip,6.5,0.71,-0.739382894,-1.15882145,0.746183328,0.632915027,0.978453366,0.161344848
strike-slip,7.9,0.44,1.954666952,1.954191152,0.530490774,0.558563452,0.770333429,0.161344848
